device=mps  model=FacebookAI/xlm-roberta-base
Warning: You are sending unauthenticated requests to the HF Hub. Please set a HF_TOKEN to enable higher rate limits and faster downloads.
assert_no_leakage OK — train 3896 ctx / dev 205 ctx / validation(test) 557 ctx, giao nhau = 0
[transformers] Token indices sequence length is longer than the specified maximum sequence length for this model (670 > 512). Running this sequence through the model will result in indexing errors
27049 câu hỏi -> 28887 feature (11s)
lịch học: 1204 bước/epoch, 3612 tổng, 361 warmup
[transformers] [1mXLMRobertaForQuestionAnswering LOAD REPORT[0m from: FacebookAI/xlm-roberta-base
----------------------------+------------+-

Notes:
  epoch 1 step 200/2408 loss 5.6327 (147s)
  epoch 1 step 400/2408 loss 4.7049 (337s)
  epoch 1 step 600/2408 loss 4.0563 (516s)
  epoch 1 step 800/2408 loss 3.5772 (704s)
  epoch 1 step 1000/2408 loss 3.2453 (882s)
  epoch 1 step 1200/2408 loss 3.0044 (1060s)
  epoch 1 step 1400/2408 loss 2.8347 (1239s)
  epoch 1 step 1600/2408 loss 2.6959 (1432s)
  epoch 1 step 1800/2408 loss 2.5804 (1610s)
  epoch 1 step 2000/2408 loss 2.4867 (1792s)
  epoch 1 step 2200/2408 loss 2.4040 (1966s)
  epoch 1 step 2400/2408 loss 2.3431 (2139s)
[transformers] Token indices sequence length is longer than the specified maximum sequence length for this model (859 > 512). Running this sequence through the model will result in indexing errors
epoch 1: loss 2.3401  val_EM 40.60  val_F1 48.25  (n=500, 2156s)
  epoch 2 step 200/2408 loss 1.3983 (176s)
  epoch 2 step 400/2408 loss 1.3682 (350s)
  epoch 2 step 600/2408 loss 1.3701 (523s)
  epoch 2 step 800/2408 loss 1.3657 (694s)
  epoch 2 step 1000/2408 loss 1.3625 (866s)
  epoch 2 step 1200/2408 loss 1.3591 (1037s)
  epoch 2 step 1400/2408 loss 1.3552 (1208s)
  epoch 2 step 1600/2408 loss 1.3549 (1379s)
  epoch 2 step 1800/2408 loss 1.3507 (1552s)
  epoch 2 step 2000/2408 loss 1.3442 (1724s)
  epoch 2 step 2200/2408 loss 1.3436 (1896s)
  epoch 2 step 2400/2408 loss 1.3407 (2068s)
[transformers] Token indices sequence length is longer than the specified maximum sequence length for this model (859 > 512). Running this sequence through the model will result in indexing errors
epoch 2: loss 1.3411  val_EM 42.40  val_F1 52.34  (n=500, 2089s)
  epoch 3 step 200/2408 loss 1.0968 (174s)
  epoch 3 step 400/2408 loss 1.0844 (353s)
  epoch 3 step 600/2408 loss 1.0961 (528s)
  epoch 3 step 800/2408 loss 1.0977 (702s)
  epoch 3 step 1000/2408 loss 1.0909 (876s)
  epoch 3 step 1200/2408 loss 1.0844 (1050s)
  epoch 3 step 1400/2408 loss 1.0837 (1225s)
  epoch 3 step 1600/2408 loss 1.0805 (1401s)
  epoch 3 step 1800/2408 loss 1.0760 (1577s)
  epoch 3 step 2000/2408 loss 1.0733 (1752s)
  epoch 3 step 2200/2408 loss 1.0745 (1928s)
  epoch 3 step 2400/2408 loss 1.0756 (2103s)
[transformers] Token indices sequence length is longer than the specified maximum sequence length for this model (859 > 512). Running this sequence through the model will result in indexing errors
epoch 3: loss 1.0751  val_EM 46.40  val_F1 58.98  (n=500, 2121s)

epoch tốt nhất = 3 -> sao chép vào models/xlmr
chẩn đoán: val_f1 vẫn tăng tới epoch cuối (58.98) — model còn THIẾU epoch, chưa overfit. Cân nhắc huấn luyện thêm.
curve -> results/training_curve_xlmr.json
