[transformers] Token indices sequence length is longer than the specified maximum sequence length for this model (670 > 512). Running this sequence through the model will result in indexing errors
device=mps  model=FacebookAI/xlm-roberta-base
assert_no_leakage OK — train 3896 ctx / dev 205 ctx / validation(test) 557 ctx, giao nhau = 0
27049 câu hỏi -> 28887 feature (11s)
lịch học: 1204 bước/epoch, 3612 tổng, 361 warmup
[transformers] [1mXLMRobertaForQuestionAnswering LOAD REPORT[0m from: FacebookAI/xlm-roberta-base
Key                         | Status     | 
----------------------------+------------+-
lm_head.bias                | UNEXPECTED | 
lm_head.layer_norm.bias     | UNEXPECTED | 
lm_head.layer_norm.weight   | UNEXPECTED | 
lm_head.dense.weight        | UNEXPECTED | 
lm_head.dense.bias          | UNEXPECTED | 
roberta.pooler.dense.bias   | UNEXPECTED | 
roberta.pooler.dense.weight | UNEXPECTED | 
qa_outputs.bias             | MISSING    | 
qa_outputs.weight           | MISSING    | 

Notes:
- UNEXPECTED:	can be ignored when loading from different task/architecture; not ok if you expect identical arch.
- MISSING:	those params were newly initialized because missing from the checkpoint. Consider training on your downstream task.
  epoch 1 step 200/2408 loss 5.8233 (174s)
  epoch 1 step 400/2408 loss 4.7003 (352s)
  epoch 1 step 600/2408 loss 4.0340 (527s)
  epoch 1 step 800/2408 loss 3.5756 (703s)
  epoch 1 step 1000/2408 loss 3.2563 (880s)
  epoch 1 step 1200/2408 loss 3.0253 (1055s)
  epoch 1 step 1400/2408 loss 2.8474 (1231s)
  epoch 1 step 1600/2408 loss 2.7047 (1407s)
  epoch 1 step 1800/2408 loss 2.5885 (1585s)
  epoch 1 step 2000/2408 loss 2.4950 (1760s)
  epoch 1 step 2200/2408 loss 2.4130 (1937s)
  epoch 1 step 2400/2408 loss 2.3477 (2114s)
[transformers] Token indices sequence length is longer than the specified maximum sequence length for this model (859 > 512). Running this sequence through the model will result in indexing errors
epoch 1: loss 2.3455  val_EM 39.80  val_F1 46.53  (n=500, 2131s)
  epoch 2 step 200/2408 loss 1.3968 (179s)
  epoch 2 step 400/2408 loss 1.3887 (355s)
  epoch 2 step 600/2408 loss 1.3752 (534s)
  epoch 2 step 800/2408 loss 1.3696 (711s)
  epoch 2 step 1000/2408 loss 1.3750 (889s)
  epoch 2 step 1200/2408 loss 1.3738 (1077s)
  epoch 2 step 1400/2408 loss 1.3724 (1266s)
  epoch 2 step 1600/2408 loss 1.3708 (1461s)
  epoch 2 step 1800/2408 loss 1.3660 (1652s)
  epoch 2 step 2000/2408 loss 1.3661 (1835s)
  epoch 2 step 2200/2408 loss 1.3619 (2025s)
  epoch 2 step 2400/2408 loss 1.3563 (2214s)
[transformers] Token indices sequence length is longer than the specified maximum sequence length for this model (859 > 512). Running this sequence through the model will result in indexing errors
epoch 2: loss 1.3563  val_EM 46.20  val_F1 58.44  (n=500, 2233s)
  epoch 3 step 200/2408 loss 1.0783 (192s)
  epoch 3 step 400/2408 loss 1.1058 (372s)
  epoch 3 step 600/2408 loss 1.1062 (555s)
  epoch 3 step 800/2408 loss 1.1091 (733s)
  epoch 3 step 1000/2408 loss 1.0993 (913s)
  epoch 3 step 1200/2408 loss 1.0949 (1097s)
  epoch 3 step 1400/2408 loss 1.0962 (1279s)
  epoch 3 step 1600/2408 loss 1.0965 (1460s)
  epoch 3 step 1800/2408 loss 1.0941 (1647s)
  epoch 3 step 2000/2408 loss 1.0889 (1828s)
  epoch 3 step 2200/2408 loss 1.0876 (2007s)
  epoch 3 step 2400/2408 loss 1.0827 (2188s)
[transformers] Token indices sequence length is longer than the specified maximum sequence length for this model (859 > 512). Running this sequence through the model will result in indexing errors
epoch 3: loss 1.0827  val_EM 48.20  val_F1 60.52  (n=500, 2205s)
ổn định: {'stable': True, 'max_rise': 0.057842, 'first_violation_step': None, 'window': 200, 'tolerance': 0.2}

epoch tốt nhất = 3 -> sao chép vào models/xlmr_seed13
chẩn đoán: val_f1 vẫn tăng tới epoch cuối (60.52) — model còn THIẾU epoch, chưa overfit. Cân nhắc huấn luyện thêm.
curve -> results/training_curve_xlmr_seed13.json
